Versi├│n de MSBuild 18.3.0-preview-25570-20+708535641 para .NET Framework
MSBUILD : error MSB1009: El archivo de proyecto no existe.
Modificador: CZ101Emulator_Standalone.vcxproj
